{
  "parent": "hlspells:item/staff/golden/amethyst/gui/golden_staff_gui_1",
  "textures": {
    "layer0": "hlspells:items/staff/golden/amethyst/gui/golden_staff_gui_4"
  }
}