{
  "parent": "hlspells:item/staff/golden/lapis/gui/golden_staff_gui_1",
  "textures": {
    "layer0": "hlspells:items/staff/golden/lapis/gui/golden_staff_gui_5"
  }
}