{
  "parent": "minecraft:item/generated",
  "textures": {
    "layer0": "hlspells:items/staff/golden/lapis/gui/golden_staff_gui_1"
  }
}