{
  "parent": "hlspells:item/staff/golden/lapis/golden_staff_1",
  "textures": {
    "layer0": "hlspells:items/staff/golden/lapis/model/golden_staff_4"
  }
}