{
  "parent": "forge:item/default",
  "loader": "forge:separate-perspective",
  "base": {
    "parent": "hlspells:item/staff/golden/lapis/golden_staff_5"
  },
  "perspectives": {
    "gui": {
      "parent": "hlspells:item/staff/golden/lapis/gui/golden_staff_gui_5"
    }
  }
}