{
  "parent": "forge:item/default",
  "loader": "forge:separate-perspective",
  "base": {
    "parent": "hlspells:item/staff/golden/amethyst/golden_staff_2"
  },
  "perspectives": {
    "gui": {
      "parent": "hlspells:item/staff/golden/amethyst/gui/golden_staff_gui_2"
    }
  }
}